[debug] [2026-07-31T15:49:16.068Z] ----------------------------------------------------------------------
[debug] [2026-07-31T15:49:16.072Z] Command:       C:\Program Files\nodejs\node.exe C:\Users\user\AppData\Roaming\npm\node_modules\firebase-tools\lib\bin\firebase.js init
[debug] [2026-07-31T15:49:16.073Z] CLI Version:   15.25.1
[debug] [2026-07-31T15:49:16.073Z] Platform:      win32
[debug] [2026-07-31T15:49:16.074Z] Node Version:  v24.14.0
[debug] [2026-07-31T15:49:16.074Z] Detected Agent: unknown
[debug] [2026-07-31T15:49:16.075Z] Time:          Fri Jul 31 2026 16:49:16 GMT+0100 (heure d’Afrique de l’Ouest)
[debug] [2026-07-31T15:49:16.075Z] ----------------------------------------------------------------------
[debug] 
[info] 
     ######## #### ########  ######## ########     ###     ######  ########
     ##        ##  ##     ## ##       ##     ##  ##   ##  ##       ##
     ######    ##  ########  ######   ########  #########  ######  ######
     ##        ##  ##    ##  ##       ##     ## ##     ##       ## ##
     ##       #### ##     ## ######## ########  ##     ##  ######  ########

You're about to initialize a Firebase project in this directory:

  C:\Users\user\Documents\avis-recherche\frontend

[debug] [2026-07-31T15:50:12.912Z] ExitPromptError: User force closed the prompt with SIGINT
    at Interface.sigint (C:\Users\user\AppData\Roaming\npm\node_modules\firebase-tools\node_modules\@inquirer\core\dist\commonjs\lib\create-prompt.js:101:37)
    at Interface.emit (node:events:508:28)
    at [_ttyWrite] [as _ttyWrite] (node:internal/readline/interface:1327:18)
    at ReadStream.onkeypress (node:internal/readline/interface:284:20)
    at ReadStream.emit (node:events:520:35)
    at emitKeys (node:internal/readline/utils:371:14)
    at emitKeys.next (<anonymous>)
    at ReadStream.onData (node:internal/readline/emitKeypressEvents:64:36)
    at ReadStream.emit (node:events:508:28)
    at addChunk (node:internal/streams/readable:563:12)
[error] 
[error] Error: An unexpected error has occurred.
